/home/chang/.local/lib/python3.10/site-packages/matplotlib/projections/__init__.py:63: UserWarning: Unable to import Axes3D. This may be due to multiple versions of Matplotlib being installed (e.g. as a system package and as a pip package). As a result, the 3D projection is not available.
  warnings.warn("Unable to import Axes3D. This may be due to multiple versions of "
terrain 100 x 900 mm at x = 1.000 m
  axle rise 100.0 mm for a 100 mm block
  origin candidate   323.3 mm  (LF at arc end with contact at 900.0 mm)
  origin candidate   131.6 mm  (RF at arc end with contact at 900.0 mm)
  origin candidate   162.3 mm  (LH at arc end with contact at 900.0 mm)
  origin candidate   354.0 mm  (RH at arc end with contact at 900.0 mm)
  origin 323.3 mm
    trace[1] LF RECOVERY_SWING lift 323.3 land 380.8 (stroke from -2.6, cap -, last landing -) others: RF@515.0, LH@610.9, RH@419.2
    trace[2] RH RECOVERY_SWING lift 419.2 land 476.7 (stroke from 93.2, cap -, last landing 380.8) others: LF@708.5, RF@515.0, LH@610.9
    trace[3] RF SWING_UP lift 515.0 land 703.3 (stroke from 189.1, cap -, last landing 476.7) others: LF@708.5, LH@610.9, RH@802.6
      cut LH: liftoff 610.9 -> 476.7 (floor 476.7, wanted 476.7), lands by 515.0
    trace[4] LH RECOVERY_SWING lift 476.7 land 515.0 (stroke from 285.0, cap 515.0, last landing 476.7) others: LF@708.5, RF@515.0, RH@802.6
    trace[5] RF SWING_UP lift 515.0 land 703.3 (stroke from 189.1, cap -, last landing 515.0) others: LF@708.5, LH@840.9, RH@802.6
    trace[6] LF SWING_UP lift 708.5 land 766.0 (stroke from 380.8, cap -, last landing 703.3) others: RF@1028.4, LH@840.9, RH@802.6
    trace[7] RH RECOVERY_SWING lift 802.6 land 840.9 (stroke from 476.7, cap -, last landing 766.0) others: LF@1091.9, RF@1028.4, LH@840.9
    trace[8] LH RECOVERY_SWING lift 840.9 land 898.4 (stroke from 515.0, cap -, last landing 840.9) others: LF@1091.9, RF@1028.4, RH@1250.3
    trace[9] RF TOP_REPOSITION_SWING lift 1028.4 land 1085.9 (stroke from 703.3, cap -, last landing 898.4) others: LF@1091.9, LH@1215.4, RH@1250.3
    trace[10] LF TOP_REPOSITION_SWING lift 1091.9 land 1149.4 (stroke from 766.0, cap -, last landing 1085.9) others: RF@1399.5, LH@1215.4, RH@1250.3
    trace[11] LH SWING_UP lift 1215.4 land 1250.3 (stroke from 898.4, cap -, last landing 1149.4) others: LF@1399.5, RF@1399.5, RH@1250.3
    trace[12] RH SWING_UP lift 1250.3 land 1307.8 (stroke from 840.9, cap -, last landing 1250.3) others: LF@1399.5, RF@1399.5, LH@1576.2
    trace[13] LF TOP_REPOSITION_SWING lift 1399.5 land 1399.5 (stroke from 1149.4, cap -, last landing 1307.8) others: RF@1399.5, LH@1576.2, RH@1633.7
    trace[14] RF TOP_REPOSITION_SWING lift 1399.5 land 1399.5 (stroke from 1085.9, cap -, last landing 1399.5) others: LF@1639.0, LH@1576.2, RH@1633.7
    trace[15] LH TOP_REPOSITION_SWING lift 1576.2 land 1633.7 (stroke from 1250.3, cap -, last landing 1399.5) others: LF@1639.0, RF@1639.0, RH@1633.7
    trace[16] RH TOP_REPOSITION_SWING lift 1633.7 land 1639.0 (stroke from 1307.8, cap -, last landing 1633.7) others: LF@1639.0, RF@1639.0, LH@1909.5
    trace[17] LF SWING_DOWN lift 1639.0 land 1696.5 (stroke from 1399.5, cap -, last landing 1639.0) others: RF@1639.0, LH@1909.5, RH@1909.5
      yield LF: liftoff 1639.0 -> 1639.0, lands by 1639.0 for RF's climb
    trace[18] LF SWING_DOWN lift 1639.0 land 1639.0 (stroke from 1399.5, cap 1639.0, last landing 1639.0) others: RF@1639.0, LH@1909.5, RH@1909.5
    trace[19] RF SWING_DOWN lift 1639.0 land 1696.5 (stroke from 1399.5, cap -, last landing 1639.0) others: LF@2048.4, LH@1909.5, RH@1909.5
    trace[20] RH TOP_REPOSITION_SWING lift 1909.5 land 1909.5 (stroke from 1639.0, cap -, last landing 1696.5) others: LF@2048.4, RF@2095.3, LH@1909.5
    trace[21] LH TOP_REPOSITION_SWING lift 1909.5 land 1909.5 (stroke from 1633.7, cap -, last landing 1909.5) others: LF@2048.4, RF@2095.3, RH@2149.0
    trace[22] LF RECOVERY_SWING lift 2048.4 land 2105.9 (stroke from 1639.0, cap -, last landing 1909.5) others: RF@2095.3, LH@2149.0, RH@2149.0
      cut RF: liftoff 2095.3 -> 1990.8 (floor 1909.5, wanted 1990.8), lands by 2048.4
    trace[23] RF RECOVERY_SWING lift 1990.8 land 2048.4 (stroke from 1696.5, cap 2048.4, last landing 1909.5) others: LF@2048.4, LH@2149.0, RH@2149.0
    trace[24] LF RECOVERY_SWING lift 2048.4 land 2105.9 (stroke from 1639.0, cap -, last landing 2048.4) others: RF@2374.3, LH@2149.0, RH@2149.0
    trace[25] RH SWING_DOWN lift 2149.0 land 2206.5 (stroke from 1909.5, cap -, last landing 2105.9) others: LF@2431.8, RF@2374.3, LH@2149.0
      yield RH: liftoff 2149.0 -> 2149.0, lands by 2149.0 for LH's climb
    trace[26] RH SWING_DOWN lift 2149.0 land 2149.0 (stroke from 1909.5, cap 2149.0, last landing 2105.9) others: LF@2431.8, RF@2374.3, LH@2149.0
    trace[27] LH SWING_DOWN lift 2149.0 land 2206.5 (stroke from 1909.5, cap -, last landing 2149.0) others: LF@2431.8, RF@2374.3, RH@2556.7
    trace[28] RF RECOVERY_SWING lift 2374.3 land 2431.8 (stroke from 2048.4, cap -, last landing 2206.5) others: LF@2431.8, LH@2603.7, RH@2556.7
    trace[29] LF RECOVERY_SWING lift 2431.8 land 2489.3 (stroke from 2105.9, cap -, last landing 2431.8) others: RF@2757.7, LH@2603.7, RH@2556.7
    trace[30] RH RECOVERY_SWING lift 2556.7 land 2614.3 (stroke from 2149.0, cap -, last landing 2489.3) others: LF@2815.2, RF@2757.7, LH@2603.7
      cut LH: liftoff 2603.7 -> 2499.2 (floor 2489.3, wanted 2499.2), lands by 2556.7
    trace[31] LH RECOVERY_SWING lift 2499.2 land 2556.7 (stroke from 2206.5, cap 2556.7, last landing 2489.3) others: LF@2815.2, RF@2757.7, RH@2556.7
    trace[32] RH RECOVERY_SWING lift 2556.7 land 2614.3 (stroke from 2149.0, cap -, last landing 2556.7) others: LF@2815.2, RF@2757.7, LH@2882.7
    trace[33] RF RECOVERY_SWING lift 2757.7 land 2815.2 (stroke from 2431.8, cap -, last landing 2614.3) others: LF@2815.2, LH@2882.7, RH@2940.2
    trace[34] LF RECOVERY_SWING lift 2815.2 land 2872.7 (stroke from 2489.3, cap -, last landing 2815.2) others: LH@2882.7, RH@2940.2
    trace[35] LH RECOVERY_SWING lift 2882.7 land 2940.2 (stroke from 2556.7, cap -, last landing 2872.7) others: RH@2940.2
    trace[36] RH RECOVERY_SWING lift 2940.2 land 2997.7 (stroke from 2614.3, cap -, last landing 2940.2) others: LH@3266.1
    trace[37] LH RECOVERY_SWING lift 3266.1 land 3323.6 (stroke from 2940.2, cap -, last landing 2997.7) others: RH@3323.6
    trace[38] RH RECOVERY_SWING lift 3323.6 land 3381.1 (stroke from 2997.7, cap -, last landing 3323.6) others: 
  pass 1: axle profiles moved by 100.00 mm in z  (front knots [770.0, 772.7, 775.3, 778.0, 780.6, 783.3, 785.9, 788.6, 791.2, 793.9, 796.5, 799.2, 801.8, 804.5, 807.1, 809.8, 812.4, 815.1, 817.7, 820.4, 823.0, 825.7, 828.3, 831.0, 833.7, 836.3, 839.0, 841.6, 844.3, 846.9, 849.6, 852.2, 854.9, 857.5, 860.2, 862.8, 865.5, 868.1, 870.8, 873.4, 876.1, 878.7, 881.4, 884.0, 886.7, 889.3, 892.0, 894.6, 897.3, 899.9, 902.6, 905.2, 907.9, 910.5, 913.2, 915.8, 918.5, 921.1, 923.8, 926.5, 929.1, 931.8, 934.4, 937.1, 939.7, 942.4, 945.0, 947.7, 950.3, 953.0, 955.6, 958.3, 1794.0, 1894.0, 2100.0, 2200.0] mm, rear [960.4, 1020.4, 1794.0, 1894.0, 2100.0, 2200.0] mm)
    trace[1] LF RECOVERY_SWING lift 323.3 land 380.8 (stroke from -2.6, cap -, last landing -) others: RF@515.0, LH@610.9, RH@419.2
    trace[2] RH RECOVERY_SWING lift 419.2 land 476.7 (stroke from 93.2, cap -, last landing 380.8) others: LF@632.0, RF@515.0, LH@610.9
    trace[3] RF SWING_UP lift 515.0 land 743.3 (stroke from 189.1, cap -, last landing 476.7) others: LF@632.0, LH@610.9, RH@802.6
      cut LH: liftoff 610.9 -> 515.0 (floor 476.7, wanted 515.0), lands by 515.0
      cut LF: liftoff 632.0 -> 515.0 (floor 476.7, wanted 515.0), lands by 515.0
    trace[4] LF RECOVERY_SWING lift 515.0 land 515.0 (stroke from 380.8, cap 515.0, last landing 476.7) others: RF@515.0, LH@515.0(cap 515.0), RH@802.6
    trace[5] LH RECOVERY_SWING lift 515.0 land 515.0 (stroke from 285.0, cap 515.0, last landing 515.0) others: LF@565.6, RF@515.0, RH@802.6
    trace[6] RF SWING_UP lift 515.0 land 743.3 (stroke from 189.1, cap -, last landing 515.0) others: LF@565.6, LH@840.9, RH@802.6
  pass 2 refused; the legs' attempts so far:
    LF: on GROUND_BEFORE; RECOVERY@636+; RECOVERY@770+
    RF: on GROUND_BEFORE; RECOVERY@828-(EXTEND_PENETRATES_TERRAIN_BEFORE_TOUCHDO); RECOVERY@830-(EXTEND_PENETRATES_TERRAIN_BEFORE_TOUCHDO); RECOVERY@820-(EXTEND_PENETRATES_TERRAIN_BEFORE_TOUCHDO); RECOVERY@840-(EXTEND_PENETRATES_TERRAIN_BEFORE_TOUCHDO); RECOVERY@810-(EXTEND_PENETRATES_TERRAIN_BEFORE_TOUCHDO); RECOVERY@850-(EXTEND_PENETRATES_TERRAIN_BEFORE_TOUCHDO); RECOVERY@800-(EXTEND_PENETRATES_TERRAIN_BEFORE_TOUCHDO); RECOVERY@860-(EXTEND_PENETRATES_TERRAIN_BEFORE_TOUCHDO); RECOVERY@828-(RECOVERY_LEAVES_NO_STROKE); UP@948-(TOUCHDOWN_IS_NOT_A_VALID_GROUND_CONTACT); UP@958-(TOUCHDOWN_IS_NOT_A_VALID_GROUND_CONTACT); UP@968-(LANDED_ON_AN_EDGE:contact x=999.234 mm o); UP@978-(LANDED_ON_AN_EDGE:contact x=999.120 mm o); UP@988-(LANDED_ON_AN_EDGE:contact x=1008.277 mm ); UP@998+
    LH: on GROUND_BEFORE; RECOVERY@260+
    RH: on GROUND_BEFORE; RECOVERY@222+
    axle front: 770.0->219.4, 772.7->220.2, 775.3->220.9, 778.0->221.6, 780.6->222.3, 783.3->223.0, 785.9->223.7, 788.6->224.4, 791.2->225.1, 793.9->225.8, 796.5->226.5, 799.2->227.2, 801.8->227.9, 804.5->228.6, 807.1->229.3, 809.8->230.0, 812.4->230.7, 815.1->231.4, 817.7->232.1, 820.4->232.8, 823.0->233.5, 825.7->234.2, 828.3->234.9, 831.0->235.6, 833.7->236.3, 836.3->237.1, 839.0->237.8, 841.6->238.5, 844.3->239.2, 846.9->239.9, 849.6->240.6, 852.2->241.3, 854.9->242.0, 857.5->242.7, 860.2->243.4, 862.8->244.1, 865.5->244.8, 868.1->245.5, 870.8->246.2, 873.4->246.9, 876.1->247.6, 878.7->248.3, 881.4->249.0, 884.0->249.7, 886.7->250.4, 889.3->251.1, 892.0->251.8, 894.6->252.5, 897.3->253.3, 899.9->254.0, 902.6->254.7, 905.2->255.4, 907.9->256.1, 910.5->256.8, 913.2->257.5, 915.8->258.2, 918.5->258.9, 921.1->259.6, 923.8->260.3, 926.5->261.0, 929.1->261.7, 931.8->262.4, 934.4->263.1, 937.1->263.8, 939.7->264.5, 942.4->265.2, 945.0->265.9, 947.7->266.6, 950.3->267.3, 953.0->268.0, 955.6->268.7, 958.3->269.4, 1794.0->269.4, 1894.0->319.4, 2100.0->319.4, 2200.0->219.4
    axle rear: 960.4->219.4, 1020.4->269.4, 1794.0->269.4, 1894.0->319.4, 2100.0->319.4, 2200.0->219.4
  origin 323.3 mm refused: LF cannot stay in stance through RF's SWING_UP [515.014, 743.271] mm: after swinging in place at 515.014 mm its next stroke ends at 565.629 mm, still inside.
  origin 131.6 mm
    trace[1] LF RECOVERY_SWING lift 131.6 land 189.1 (stroke from -194.3, cap -, last landing -) others: RF@323.3, LH@419.2, RH@227.4
    trace[2] RH RECOVERY_SWING lift 227.4 land 285.0 (stroke from -98.5, cap -, last landing 189.1) others: LF@515.0, RF@323.3, LH@419.2
    trace[3] RF RECOVERY_SWING lift 323.3 land 380.8 (stroke from -2.6, cap -, last landing 285.0) others: LF@515.0, LH@419.2, RH@610.9
    trace[4] LH RECOVERY_SWING lift 419.2 land 476.7 (stroke from 93.2, cap -, last landing 380.8) others: LF@515.0, RF@708.5, RH@610.9
    trace[5] LF SWING_UP lift 515.0 land 703.3 (stroke from 189.1, cap -, last landing 476.7) others: RF@708.5, LH@802.6, RH@610.9
      cut RH: liftoff 610.9 -> 476.7 (floor 476.7, wanted 476.7), lands by 515.0
    trace[6] RH RECOVERY_SWING lift 476.7 land 515.0 (stroke from 285.0, cap 515.0, last landing 476.7) others: LF@515.0, RF@708.5, LH@802.6
    trace[7] LF SWING_UP lift 515.0 land 703.3 (stroke from 189.1, cap -, last landing 515.0) others: RF@708.5, LH@802.6, RH@840.9
    trace[8] RF SWING_UP lift 708.5 land 766.0 (stroke from 380.8, cap -, last landing 703.3) others: LF@1028.4, LH@802.6, RH@840.9
    trace[9] LH RECOVERY_SWING lift 802.6 land 840.9 (stroke from 476.7, cap -, last landing 766.0) others: LF@1028.4, RF@1091.9, RH@840.9
    trace[10] RH RECOVERY_SWING lift 840.9 land 898.4 (stroke from 515.0, cap -, last landing 840.9) others: LF@1028.4, RF@1091.9, LH@1250.3
    trace[11] LF TOP_REPOSITION_SWING lift 1028.4 land 1085.9 (stroke from 703.3, cap -, last landing 898.4) others: RF@1091.9, LH@1250.3, RH@1215.4
    trace[12] RF TOP_REPOSITION_SWING lift 1091.9 land 1149.4 (stroke from 766.0, cap -, last landing 1085.9) others: LF@1399.5, LH@1250.3, RH@1215.4
    trace[13] RH SWING_UP lift 1215.4 land 1250.3 (stroke from 898.4, cap -, last landing 1149.4) others: LF@1399.5, RF@1399.5, LH@1250.3
    trace[14] LH SWING_UP lift 1250.3 land 1307.8 (stroke from 840.9, cap -, last landing 1250.3) others: LF@1399.5, RF@1399.5, RH@1576.2
    trace[15] LF TOP_REPOSITION_SWING lift 1399.5 land 1399.5 (stroke from 1085.9, cap -, last landing 1307.8) others: RF@1399.5, LH@1633.7, RH@1576.2
    trace[16] RF TOP_REPOSITION_SWING lift 1399.5 land 1399.5 (stroke from 1149.4, cap -, last landing 1399.5) others: LF@1639.0, LH@1633.7, RH@1576.2
    trace[17] RH TOP_REPOSITION_SWING lift 1576.2 land 1633.7 (stroke from 1250.3, cap -, last landing 1399.5) others: LF@1639.0, RF@1639.0, LH@1633.7
    trace[18] LH TOP_REPOSITION_SWING lift 1633.7 land 1639.0 (stroke from 1307.8, cap -, last landing 1633.7) others: LF@1639.0, RF@1639.0, RH@1909.5
    trace[19] LF SWING_DOWN lift 1639.0 land 1696.5 (stroke from 1399.5, cap -, last landing 1639.0) others: RF@1639.0, LH@1909.5, RH@1909.5
      yield LF: liftoff 1639.0 -> 1639.0, lands by 1639.0 for RF's climb
    trace[20] LF SWING_DOWN lift 1639.0 land 1639.0 (stroke from 1399.5, cap 1639.0, last landing 1639.0) others: RF@1639.0, LH@1909.5, RH@1909.5
    trace[21] RF SWING_DOWN lift 1639.0 land 1696.5 (stroke from 1399.5, cap -, last landing 1639.0) others: LF@2048.4, LH@1909.5, RH@1909.5
    trace[22] RH TOP_REPOSITION_SWING lift 1909.5 land 1909.5 (stroke from 1633.7, cap -, last landing 1696.5) others: LF@2048.4, RF@2095.3, LH@1909.5
    trace[23] LH TOP_REPOSITION_SWING lift 1909.5 land 1909.5 (stroke from 1639.0, cap -, last landing 1909.5) others: LF@2048.4, RF@2095.3, RH@2146.8
    trace[24] LF RECOVERY_SWING lift 2048.4 land 2105.9 (stroke from 1639.0, cap -, last landing 1909.5) others: RF@2095.3, LH@2149.0, RH@2146.8
      cut RF: liftoff 2095.3 -> 1990.8 (floor 1909.5, wanted 1990.8), lands by 2048.4
    trace[25] RF RECOVERY_SWING lift 1990.8 land 2048.4 (stroke from 1696.5, cap 2048.4, last landing 1909.5) others: LF@2048.4, LH@2149.0, RH@2146.8
    trace[26] LF RECOVERY_SWING lift 2048.4 land 2105.9 (stroke from 1639.0, cap -, last landing 2048.4) others: RF@2374.3, LH@2149.0, RH@2146.8
    trace[27] RH SWING_DOWN lift 2146.8 land 2149.0 (stroke from 1909.5, cap -, last landing 2105.9) others: LF@2431.8, RF@2374.3, LH@2149.0
    trace[28] LH SWING_DOWN lift 2149.0 land 2206.5 (stroke from 1909.5, cap -, last landing 2149.0) others: LF@2431.8, RF@2374.3, RH@2558.4
    trace[29] RF RECOVERY_SWING lift 2374.3 land 2431.8 (stroke from 2048.4, cap -, last landing 2206.5) others: LF@2431.8, LH@2603.7, RH@2558.4
    trace[30] LF RECOVERY_SWING lift 2431.8 land 2489.3 (stroke from 2105.9, cap -, last landing 2431.8) others: RF@2757.7, LH@2603.7, RH@2558.4
    trace[31] RH RECOVERY_SWING lift 2558.4 land 2615.9 (stroke from 2149.0, cap -, last landing 2489.3) others: LF@2815.2, RF@2757.7, LH@2603.7
      cut LH: liftoff 2603.7 -> 2500.8 (floor 2489.3, wanted 2500.8), lands by 2558.4
    trace[32] LH RECOVERY_SWING lift 2500.8 land 2558.4 (stroke from 2206.5, cap 2558.4, last landing 2489.3) others: LF@2815.2, RF@2757.7, RH@2558.4
    trace[33] RH RECOVERY_SWING lift 2558.4 land 2615.9 (stroke from 2149.0, cap -, last landing 2558.4) others: LF@2815.2, RF@2757.7, LH@2884.3
    trace[34] RF RECOVERY_SWING lift 2757.7 land 2815.2 (stroke from 2431.8, cap -, last landing 2615.9) others: LF@2815.2, LH@2884.3, RH@2941.8
    trace[35] LF RECOVERY_SWING lift 2815.2 land 2872.7 (stroke from 2489.3, cap -, last landing 2815.2) others: LH@2884.3, RH@2941.8
    trace[36] LH RECOVERY_SWING lift 2884.3 land 2941.8 (stroke from 2558.4, cap -, last landing 2872.7) others: RH@2941.8
    trace[37] RH RECOVERY_SWING lift 2941.8 land 2999.3 (stroke from 2615.9, cap -, last landing 2941.8) others: LH@3267.7
    trace[38] LH RECOVERY_SWING lift 3267.7 land 3325.2 (stroke from 2941.8, cap -, last landing 2999.3) others: RH@3325.2
    trace[39] RH RECOVERY_SWING lift 3325.2 land 3382.7 (stroke from 2999.3, cap -, last landing 3325.2) others: 
  pass 1: axle profiles moved by 100.00 mm in z  (front knots [770.0, 772.7, 775.3, 778.0, 780.6, 783.3, 785.9, 788.6, 791.2, 793.9, 796.5, 799.2, 801.8, 804.5, 807.1, 809.8, 812.4, 815.1, 817.7, 820.4, 823.0, 825.7, 828.3, 831.0, 833.7, 836.3, 839.0, 841.6, 844.3, 846.9, 849.6, 852.2, 854.9, 857.5, 860.2, 862.8, 865.5, 868.1, 870.8, 873.4, 876.1, 878.7, 881.4, 884.0, 886.7, 889.3, 892.0, 894.6, 897.3, 899.9, 902.6, 905.2, 907.9, 910.5, 913.2, 915.8, 918.5, 921.1, 923.8, 926.5, 929.1, 931.8, 934.4, 937.1, 939.7, 942.4, 945.0, 947.7, 950.3, 953.0, 955.6, 958.3, 1794.0, 1894.0, 2100.0, 2200.0] mm, rear [960.4, 1020.4, 1791.8, 1891.8, 2100.0, 2200.0] mm)
    trace[1] LF RECOVERY_SWING lift 131.6 land 189.1 (stroke from -194.3, cap -, last landing -) others: RF@323.3, LH@419.2, RH@227.4
    trace[2] RH RECOVERY_SWING lift 227.4 land 285.0 (stroke from -98.5, cap -, last landing 189.1) others: LF@515.0, RF@323.3, LH@419.2
    trace[3] RF RECOVERY_SWING lift 323.3 land 380.8 (stroke from -2.6, cap -, last landing 285.0) others: LF@515.0, LH@419.2, RH@610.9
    trace[4] LH RECOVERY_SWING lift 419.2 land 476.7 (stroke from 93.2, cap -, last landing 380.8) others: LF@515.0, RF@632.0, RH@610.9
    trace[5] LF SWING_UP lift 515.0 land 743.3 (stroke from 189.1, cap -, last landing 476.7) others: RF@632.0, LH@802.6, RH@610.9
      cut RH: liftoff 610.9 -> 515.0 (floor 476.7, wanted 515.0), lands by 515.0
      cut RF: liftoff 632.0 -> 515.0 (floor 476.7, wanted 515.0), lands by 515.0
    trace[6] RH RECOVERY_SWING lift 515.0 land 515.0 (stroke from 285.0, cap 515.0, last landing 476.7) others: LF@515.0, RF@515.0(cap 515.0), LH@802.6
    trace[7] RF RECOVERY_SWING lift 515.0 land 515.0 (stroke from 380.8, cap 515.0, last landing 515.0) others: LF@515.0, LH@802.6, RH@840.9
    trace[8] LF SWING_UP lift 515.0 land 743.3 (stroke from 189.1, cap -, last landing 515.0) others: RF@565.6, LH@802.6, RH@840.9
  pass 2 refused; the legs' attempts so far:
    LF: on GROUND_BEFORE; RECOVERY@444+; RECOVERY@828-(EXTEND_PENETRATES_TERRAIN_BEFORE_TOUCHDO); RECOVERY@830-(EXTEND_PENETRATES_TERRAIN_BEFORE_TOUCHDO); RECOVERY@820-(EXTEND_PENETRATES_TERRAIN_BEFORE_TOUCHDO); RECOVERY@840-(EXTEND_PENETRATES_TERRAIN_BEFORE_TOUCHDO); RECOVERY@810-(EXTEND_PENETRATES_TERRAIN_BEFORE_TOUCHDO); RECOVERY@850-(EXTEND_PENETRATES_TERRAIN_BEFORE_TOUCHDO); RECOVERY@800-(EXTEND_PENETRATES_TERRAIN_BEFORE_TOUCHDO); RECOVERY@860-(EXTEND_PENETRATES_TERRAIN_BEFORE_TOUCHDO); RECOVERY@828-(RECOVERY_LEAVES_NO_STROKE); UP@948-(TOUCHDOWN_IS_NOT_A_VALID_GROUND_CONTACT); UP@958-(TOUCHDOWN_IS_NOT_A_VALID_GROUND_CONTACT); UP@968-(LANDED_ON_AN_EDGE:contact x=999.234 mm o); UP@978-(LANDED_ON_AN_EDGE:contact x=999.120 mm o); UP@988-(LANDED_ON_AN_EDGE:contact x=1008.277 mm ); UP@998+
    RF: on GROUND_BEFORE; RECOVERY@636+; RECOVERY@770+
    LH: on GROUND_BEFORE; RECOVERY@222+
    RH: on GROUND_BEFORE; RECOVERY@30+; RECOVERY@260+
    axle front: 770.0->219.4, 772.7->220.2, 775.3->220.9, 778.0->221.6, 780.6->222.3, 783.3->223.0, 785.9->223.7, 788.6->224.4, 791.2->225.1, 793.9->225.8, 796.5->226.5, 799.2->227.2, 801.8->227.9, 804.5->228.6, 807.1->229.3, 809.8->230.0, 812.4->230.7, 815.1->231.4, 817.7->232.1, 820.4->232.8, 823.0->233.5, 825.7->234.2, 828.3->234.9, 831.0->235.6, 833.7->236.3, 836.3->237.1, 839.0->237.8, 841.6->238.5, 844.3->239.2, 846.9->239.9, 849.6->240.6, 852.2->241.3, 854.9->242.0, 857.5->242.7, 860.2->243.4, 862.8->244.1, 865.5->244.8, 868.1->245.5, 870.8->246.2, 873.4->246.9, 876.1->247.6, 878.7->248.3, 881.4->249.0, 884.0->249.7, 886.7->250.4, 889.3->251.1, 892.0->251.8, 894.6->252.5, 897.3->253.3, 899.9->254.0, 902.6->254.7, 905.2->255.4, 907.9->256.1, 910.5->256.8, 913.2->257.5, 915.8->258.2, 918.5->258.9, 921.1->259.6, 923.8->260.3, 926.5->261.0, 929.1->261.7, 931.8->262.4, 934.4->263.1, 937.1->263.8, 939.7->264.5, 942.4->265.2, 945.0->265.9, 947.7->266.6, 950.3->267.3, 953.0->268.0, 955.6->268.7, 958.3->269.4, 1794.0->269.4, 1894.0->319.4, 2100.0->319.4, 2200.0->219.4
    axle rear: 960.4->219.4, 1020.4->269.4, 1791.8->269.4, 1891.8->319.4, 2100.0->319.4, 2200.0->219.4
  origin 131.6 mm refused: RF cannot stay in stance through LF's SWING_UP [515.014, 743.271] mm: after swinging in place at 515.014 mm its next stroke ends at 565.629 mm, still inside.
  origin 162.3 mm
    trace[1] LF RECOVERY_SWING lift 162.3 land 219.8 (stroke from -163.6, cap -, last landing -) others: RF@354.0, LH@449.9, RH@258.2
    trace[2] RH RECOVERY_SWING lift 258.2 land 315.7 (stroke from -67.8, cap -, last landing 219.8) others: LF@561.2, RF@354.0, LH@449.9
    trace[3] RF RECOVERY_SWING lift 354.0 land 411.5 (stroke from 28.1, cap -, last landing 315.7) others: LF@561.2, LH@449.9, RH@641.6
    trace[4] LH RECOVERY_SWING lift 449.9 land 507.4 (stroke from 124.0, cap -, last landing 411.5) others: LF@561.2, RF@660.6, RH@641.6
    trace[5] LF SWING_UP lift 561.2 land 703.3 (stroke from 219.8, cap -, last landing 507.4) others: RF@660.6, LH@833.3, RH@641.6
      cut RH: liftoff 641.6 -> 561.2 (floor 507.4, wanted 561.2), lands by 561.2
      cut RF: liftoff 660.6 -> 528.6 (floor 507.4, wanted 528.6), lands by 528.6
    trace[6] RF RECOVERY_SWING lift 528.6 land 528.6 (stroke from 411.5, cap 528.6, last landing 507.4) others: LF@561.2, LH@833.3, RH@561.2(cap 561.2)
    trace[7] RF SWING_UP lift 543.6 land 703.3 (stroke from 528.6, cap -, last landing 528.6) others: LF@561.2, LH@833.3, RH@561.2(cap 561.2)
      cut LF: liftoff 561.2 -> 528.6 (floor 528.6, wanted 528.6), lands by 528.6
      cut RH: liftoff 561.2 -> 543.6 (floor 528.6, wanted 543.6), lands by 543.6
    trace[8] LF RECOVERY_SWING lift 528.6 land 528.6 (stroke from 219.8, cap 528.6, last landing 528.6) others: RF@543.6, LH@833.3, RH@543.6(cap 543.6)
    trace[9] RH RECOVERY_SWING lift 543.6 land 543.6 (stroke from 315.7, cap 543.6, last landing 528.6) others: LF@543.6, RF@543.6, LH@833.3
    trace[10] LF SWING_UP lift 543.6 land 703.3 (stroke from 528.6, cap -, last landing 543.6) others: RF@543.6, LH@833.3, RH@869.5
  pass 1 refused; the legs' attempts so far:
    LF: on GROUND_BEFORE; RECOVERY@475+; RECOVERY@874-(EXTEND_PENETRATES_TERRAIN_BEFORE_TOUCHDO); RECOVERY@876-(EXTEND_PENETRATES_TERRAIN_BEFORE_TOUCHDO); RECOVERY@866-(EXTEND_PENETRATES_TERRAIN_BEFORE_TOUCHDO); RECOVERY@886-(EXTEND_PENETRATES_TERRAIN_BEFORE_TOUCHDO); RECOVERY@856-(EXTEND_PENETRATES_TERRAIN_BEFORE_TOUCHDO); RECOVERY@896-(EXTEND_PENETRATES_TERRAIN_BEFORE_TOUCHDO); RECOVERY@846-(EXTEND_PENETRATES_TERRAIN_BEFORE_TOUCHDO); RECOVERY@906-(EXTEND_PENETRATES_TERRAIN_BEFORE_TOUCHDO); RECOVERY@836-(EXTEND_PENETRATES_TERRAIN_BEFORE_TOUCHDO); RECOVERY@916-(EXTEND_PENETRATES_TERRAIN_BEFORE_TOUCHDO); RECOVERY@826-(EXTEND_PENETRATES_TERRAIN_BEFORE_TOUCHDO); RECOVERY@926-(EXTEND_PENETRATES_TERRAIN_BEFORE_TOUCHDO); RECOVERY@816-(EXTEND_PENETRATES_TERRAIN_BEFORE_TOUCHDO); RECOVERY@936-(EXTEND_PENETRATES_TERRAIN_BEFORE_TOUCHDO); RECOVERY@946-(EXTEND_PENETRATES_TERRAIN_BEFORE_TOUCHDO); RECOVERY@956-(EXTEND_PENETRATES_TERRAIN_BEFORE_TOUCHDO); RECOVERY@966-(EXTEND_PENETRATES_TERRAIN_BEFORE_TOUCHDO); RECOVERY@976-(EXTEND_PENETRATES_TERRAIN_BEFORE_TOUCHDO); RECOVERY@986-(EXTEND_PENETRATES_TERRAIN_BEFORE_TOUCHDO); RECOVERY@996-(EXTEND_PENETRATES_TERRAIN_BEFORE_TOUCHDO); RECOVERY@1006-(EXTEND_PENETRATES_TERRAIN_BEFORE_TOUCHDO); RECOVERY@1016-(EXTEND_PENETRATES_TERRAIN_BEFORE_TOUCHDO); RECOVERY@1026-(EXTEND_PENETRATES_TERRAIN_BEFORE_TOUCHDO); RECOVERY@1036-(EXTEND_PENETRATES_TERRAIN_BEFORE_TOUCHDO); RECOVERY@1046-(EXTEND_PENETRATES_TERRAIN_BEFORE_TOUCHDO); RECOVERY@1056-(EXTEND_PENETRATES_TERRAIN_BEFORE_TOUCHDO); RECOVERY@1066-(EXTEND_PENETRATES_TERRAIN_BEFORE_TOUCHDO); RECOVERY@1076-(EXTEND_PENETRATES_TERRAIN_BEFORE_TOUCHDO); RECOVERY@1086-(EXTEND_PENETRATES_TERRAIN_BEFORE_TOUCHDO); RECOVERY@1096-(EXTEND_PENETRATES_TERRAIN_BEFORE_TOUCHDO); RECOVERY@1106-(EXTEND_PENETRATES_TERRAIN_BEFORE_TOUCHDO); RECOVERY@1116-(EXTEND_PENETRATES_TERRAIN_BEFORE_TOUCHDO); RECOVERY@874-(EXTEND_PENETRATES_TERRAIN_BEFORE_TOUCHDO); UP@948-(LANDED_ON_AN_EDGE:contact x=1004.563 mm ); UP@958+; RECOVERY@784+; UP@948-(LANDED_ON_AN_EDGE:contact x=1004.563 mm ); UP@958+
    RF: on GROUND_BEFORE; RECOVERY@667+; RECOVERY@784+; UP@948-(LANDED_ON_AN_EDGE:contact x=1004.563 mm ); UP@958+
    LH: on GROUND_BEFORE; RECOVERY@252+
    RH: on GROUND_BEFORE; RECOVERY@61+; RECOVERY@289+
    axle front: 780.0->219.4, 960.0->319.4, 1930.0->319.4, 2100.0->219.4
    axle rear: 780.0->219.4, 960.0->319.4, 1930.0->319.4, 2100.0->219.4
  origin 162.3 mm refused: RF lifts off at body x 543.630 mm, inside LF's SWING_UP [543.630, 703.271] mm, and cannot lift at 528.604 mm: its stroke starts at 528.604 mm and the previous s
  origin 354.0 mm
    trace[1] LF RECOVERY_SWING lift 354.0 land 411.5 (stroke from 28.1, cap -, last landing -) others: RF@561.2, LH@641.6, RH@449.9
    trace[2] RH RECOVERY_SWING lift 449.9 land 507.4 (stroke from 124.0, cap -, last landing 411.5) others: LF@660.6, RF@561.2, LH@641.6
    trace[3] RF SWING_UP lift 561.2 land 703.3 (stroke from 219.8, cap -, last landing 507.4) others: LF@660.6, LH@641.6, RH@833.3
      cut LH: liftoff 641.6 -> 561.2 (floor 507.4, wanted 561.2), lands by 561.2
      cut LF: liftoff 660.6 -> 528.6 (floor 507.4, wanted 528.6), lands by 528.6
    trace[4] LF RECOVERY_SWING lift 528.6 land 528.6 (stroke from 411.5, cap 528.6, last landing 507.4) others: RF@561.2, LH@561.2(cap 561.2), RH@833.3
    trace[5] LF SWING_UP lift 543.6 land 703.3 (stroke from 528.6, cap -, last landing 528.6) others: RF@561.2, LH@561.2(cap 561.2), RH@833.3
      cut RF: liftoff 561.2 -> 528.6 (floor 528.6, wanted 528.6), lands by 528.6
      cut LH: liftoff 561.2 -> 543.6 (floor 528.6, wanted 543.6), lands by 543.6
    trace[6] RF RECOVERY_SWING lift 528.6 land 528.6 (stroke from 219.8, cap 528.6, last landing 528.6) others: LF@543.6, LH@543.6(cap 543.6), RH@833.3
    trace[7] LH RECOVERY_SWING lift 543.6 land 543.6 (stroke from 315.7, cap 543.6, last landing 528.6) others: LF@543.6, RF@543.6, RH@833.3
    trace[8] LF SWING_UP lift 543.6 land 703.3 (stroke from 528.6, cap -, last landing 543.6) others: RF@543.6, LH@869.5, RH@833.3
  pass 1 refused; the legs' attempts so far:
    LF: on GROUND_BEFORE; RECOVERY@667+; RECOVERY@784+; UP@948-(LANDED_ON_AN_EDGE:contact x=1004.563 mm ); UP@958+
    RF: on GROUND_BEFORE; RECOVERY@874-(EXTEND_PENETRATES_TERRAIN_BEFORE_TOUCHDO); RECOVERY@876-(EXTEND_PENETRATES_TERRAIN_BEFORE_TOUCHDO); RECOVERY@866-(EXTEND_PENETRATES_TERRAIN_BEFORE_TOUCHDO); RECOVERY@886-(EXTEND_PENETRATES_TERRAIN_BEFORE_TOUCHDO); RECOVERY@856-(EXTEND_PENETRATES_TERRAIN_BEFORE_TOUCHDO); RECOVERY@896-(EXTEND_PENETRATES_TERRAIN_BEFORE_TOUCHDO); RECOVERY@846-(EXTEND_PENETRATES_TERRAIN_BEFORE_TOUCHDO); RECOVERY@906-(EXTEND_PENETRATES_TERRAIN_BEFORE_TOUCHDO); RECOVERY@836-(EXTEND_PENETRATES_TERRAIN_BEFORE_TOUCHDO); RECOVERY@916-(EXTEND_PENETRATES_TERRAIN_BEFORE_TOUCHDO); RECOVERY@826-(EXTEND_PENETRATES_TERRAIN_BEFORE_TOUCHDO); RECOVERY@926-(EXTEND_PENETRATES_TERRAIN_BEFORE_TOUCHDO); RECOVERY@816-(EXTEND_PENETRATES_TERRAIN_BEFORE_TOUCHDO); RECOVERY@936-(EXTEND_PENETRATES_TERRAIN_BEFORE_TOUCHDO); RECOVERY@946-(EXTEND_PENETRATES_TERRAIN_BEFORE_TOUCHDO); RECOVERY@956-(EXTEND_PENETRATES_TERRAIN_BEFORE_TOUCHDO); RECOVERY@966-(EXTEND_PENETRATES_TERRAIN_BEFORE_TOUCHDO); RECOVERY@976-(EXTEND_PENETRATES_TERRAIN_BEFORE_TOUCHDO); RECOVERY@986-(EXTEND_PENETRATES_TERRAIN_BEFORE_TOUCHDO); RECOVERY@996-(EXTEND_PENETRATES_TERRAIN_BEFORE_TOUCHDO); RECOVERY@1006-(EXTEND_PENETRATES_TERRAIN_BEFORE_TOUCHDO); RECOVERY@1016-(EXTEND_PENETRATES_TERRAIN_BEFORE_TOUCHDO); RECOVERY@1026-(EXTEND_PENETRATES_TERRAIN_BEFORE_TOUCHDO); RECOVERY@1036-(EXTEND_PENETRATES_TERRAIN_BEFORE_TOUCHDO); RECOVERY@1046-(EXTEND_PENETRATES_TERRAIN_BEFORE_TOUCHDO); RECOVERY@1056-(EXTEND_PENETRATES_TERRAIN_BEFORE_TOUCHDO); RECOVERY@1066-(EXTEND_PENETRATES_TERRAIN_BEFORE_TOUCHDO); RECOVERY@1076-(EXTEND_PENETRATES_TERRAIN_BEFORE_TOUCHDO); RECOVERY@1086-(EXTEND_PENETRATES_TERRAIN_BEFORE_TOUCHDO); RECOVERY@1096-(EXTEND_PENETRATES_TERRAIN_BEFORE_TOUCHDO); RECOVERY@1106-(EXTEND_PENETRATES_TERRAIN_BEFORE_TOUCHDO); RECOVERY@1116-(EXTEND_PENETRATES_TERRAIN_BEFORE_TOUCHDO); RECOVERY@874-(EXTEND_PENETRATES_TERRAIN_BEFORE_TOUCHDO); UP@948-(LANDED_ON_AN_EDGE:contact x=1004.563 mm ); UP@958+; RECOVERY@784+
    LH: on GROUND_BEFORE; RECOVERY@289+
    RH: on GROUND_BEFORE; RECOVERY@252+
    axle front: 780.0->219.4, 960.0->319.4, 1930.0->319.4, 2100.0->219.4
    axle rear: 780.0->219.4, 960.0->319.4, 1930.0->319.4, 2100.0->219.4
  origin 354.0 mm refused: RF cannot stay in stance through LF's SWING_UP [543.630, 703.271] mm: after swinging in place at 543.630 mm its next stroke ends at 543.630 mm, still inside.
[6408.3s] REFUSED: no origin among [323.3, 131.6, 162.3, 354.0] mm plans the crossing; last: RF cannot stay in stance through LF's SWING_UP [543.630, 703.271] mm: after swinging in place at 543.630 mm its next stroke ends at 543.630 mm, still inside.
