/home/chang/.local/lib/python3.10/site-packages/matplotlib/projections/__init__.py:63: UserWarning: Unable to import Axes3D. This may be due to multiple versions of Matplotlib being installed (e.g. as a system package and as a pip package). As a result, the 3D projection is not available.
  warnings.warn("Unable to import Axes3D. This may be due to multiple versions of "
terrain 100 x 900 mm at x = 1.000 m
  axle rise 100.0 mm for a 100 mm block
  origin 151.6 mm
    trace[1] LF RECOVERY_SWING lift 151.6 land 209.1 (stroke from -174.3, cap -, last landing -) others: RF@343.3, LH@439.2, RH@247.5
    trace[2] RH RECOVERY_SWING lift 247.5 land 305.0 (stroke from -78.5, cap -, last landing 209.1) others: LF@535.0, RF@343.3, LH@439.2
    trace[3] RF RECOVERY_SWING lift 343.3 land 400.8 (stroke from 17.4, cap -, last landing 305.0) others: LF@535.0, LH@439.2, RH@630.9
    trace[4] LH RECOVERY_SWING lift 439.2 land 496.7 (stroke from 113.3, cap -, last landing 400.8) others: LF@535.0, RF@669.8, RH@630.9
    trace[5] LF RECOVERY_SWING lift 535.0 land 575.0 (stroke from 209.1, cap -, last landing 496.7) others: RF@669.8, LH@822.6, RH@630.9
    trace[6] RH RECOVERY_SWING lift 630.9 land 669.8 (stroke from 305.0, cap -, last landing 575.0) others: LF@780.8, RF@669.8, LH@822.6
    trace[7] RF SWING_UP lift 669.8 land 727.3 (stroke from 400.8, cap -, last landing 669.8) others: LF@780.8, LH@822.6, RH@995.7
    trace[8] LF TOP_REPOSITION_SWING lift 780.8 land 880.8 (stroke from 575.0, cap -, last landing 727.3) others: RF@1053.2, LH@822.6, RH@995.7
      cut LH: liftoff 822.6 -> 727.3 (floor 727.3, wanted 727.3), lands by 780.8
    trace[9] LH RECOVERY_SWING lift 727.3 land 780.8 (stroke from 496.7, cap 780.8, last landing 727.3) others: LF@780.8, RF@1053.2, RH@995.7
    trace[10] LF TOP_REPOSITION_SWING lift 780.8 land 880.8 (stroke from 575.0, cap -, last landing 780.8) others: RF@1053.2, LH@1085.0, RH@995.7
    trace[11] RH RECOVERY_SWING lift 995.7 land 1085.0 (stroke from 669.8, cap -, last landing 880.8) others: LF@1206.7, RF@1053.2, LH@1085.0
      cut RF: liftoff 1053.2 -> 938.2 (floor 880.8, wanted 938.2), lands by 995.7
    trace[12] RF TOP_REPOSITION_SWING lift 938.2 land 995.7 (stroke from 727.3, cap 995.7, last landing 880.8) others: LF@1206.7, LH@1085.0, RH@995.7
    trace[13] RH RECOVERY_SWING lift 995.7 land 1085.0 (stroke from 669.8, cap -, last landing 995.7) others: LF@1206.7, RF@1321.6, LH@1085.0
    trace[14] LH RECOVERY_SWING lift 1085.0 land 1085.0 (stroke from 780.8, cap -, last landing 1085.0) others: LF@1206.7, RF@1321.6, RH@1290.8
    trace[15] LF TOP_REPOSITION_SWING lift 1206.7 land 1264.2 (stroke from 880.8, cap -, last landing 1085.0) others: RF@1321.6, LH@1290.8, RH@1290.8
    trace[16] RH TOP_REPOSITION_SWING lift 1290.8 land 1390.8 (stroke from 1085.0, cap -, last landing 1264.2) others: LF@1399.5, RF@1321.6, LH@1290.8
      yield RH: liftoff 1290.8 -> 1290.8, lands by 1290.8 for LH's climb
    trace[17] RH TOP_REPOSITION_SWING lift 1290.8 land 1290.8 (stroke from 1085.0, cap 1290.8, last landing 1264.2) others: LF@1399.5, RF@1321.6, LH@1290.8
    trace[18] LH TOP_REPOSITION_SWING lift 1290.8 land 1390.8 (stroke from 1085.0, cap -, last landing 1290.8) others: LF@1399.5, RF@1321.6, RH@1616.7
      cut RF: liftoff 1321.6 -> 1290.8 (floor 1290.8, wanted 1290.8), lands by 1290.8
    trace[19] RF TOP_REPOSITION_SWING lift 1290.8 land 1290.8 (stroke from 995.7, cap 1290.8, last landing 1290.8) others: LF@1399.5, LH@1290.8, RH@1616.7
    trace[20] LH TOP_REPOSITION_SWING lift 1290.8 land 1390.8 (stroke from 1085.0, cap -, last landing 1290.8) others: LF@1399.5, RF@1399.5, RH@1616.7
    trace[21] LF TOP_REPOSITION_SWING lift 1399.5 land 1399.5 (stroke from 1264.2, cap -, last landing 1390.8) others: RF@1399.5, LH@1716.7, RH@1616.7
    trace[22] RF TOP_REPOSITION_SWING lift 1399.5 land 1399.5 (stroke from 1290.8, cap -, last landing 1399.5) others: LF@1639.0, LH@1716.7, RH@1616.7
    trace[23] RH TOP_REPOSITION_SWING lift 1616.7 land 1639.0 (stroke from 1290.8, cap -, last landing 1399.5) others: LF@1639.0, RF@1639.0, LH@1716.7
    trace[24] LF SWING_DOWN lift 1639.0 land 1696.5 (stroke from 1399.5, cap -, last landing 1639.0) others: RF@1639.0, LH@1716.7, RH@1852.0
      yield LF: liftoff 1639.0 -> 1639.0, lands by 1639.0 for RF's climb
    trace[25] LF SWING_DOWN lift 1639.0 land 1639.0 (stroke from 1399.5, cap 1639.0, last landing 1639.0) others: RF@1639.0, LH@1716.7, RH@1852.0
    early recovery: LF ground stroke cut at hip 2108.1 mm (was 2301.7)
    trace[26] RF SWING_DOWN lift 1639.0 land 1696.5 (stroke from 1399.5, cap -, last landing 1639.0) others: LF@1853.1, LH@1716.7, RH@1852.0
    trace[27] LH TOP_REPOSITION_SWING lift 1716.7 land 1774.2 (stroke from 1390.8, cap -, last landing 1696.5) others: LF@1853.1, RF@2093.7, RH@1852.0
    trace[28] RH TOP_REPOSITION_SWING lift 1852.0 land 1853.1 (stroke from 1639.0, cap -, last landing 1774.2) others: LF@1853.1, RF@2093.7, LH@1909.5
    early descent: RH top stroke ends at hip 1836.5 mm, 57.5 mm before the in-place point
    trace[29] LF RECOVERY_SWING lift 1853.1 land 1910.6 (stroke from 1639.0, cap -, last landing 1853.1) others: RF@2093.7, LH@1909.5, RH@2091.5
      cut LH: liftoff 1909.5 -> 1853.1 (floor 1853.1, wanted 1853.1), lands by 1853.1
    trace[30] LH TOP_REPOSITION_SWING lift 1853.1 land 1853.1 (stroke from 1774.2, cap 1853.1, last landing 1853.1) others: LF@1853.1, RF@2093.7, RH@2091.5
    trace[31] LF RECOVERY_SWING lift 1853.1 land 1910.6 (stroke from 1639.0, cap -, last landing 1853.1) others: RF@2093.7, LH@2149.0, RH@2091.5
    descent cap: RH no landing under the cap; closest 0/20 of the arc, contact 139.2 mm past the face
    trace[32] RH SWING_DOWN lift 2091.5 land 2149.0 (stroke from 1853.1, cap -, last landing 1910.6) others: LF@2236.5, RF@2093.7, LH@2149.0
      cut RF: liftoff 2093.7 -> 2034.0 (floor 1910.6, wanted 2034.0), lands by 2091.5
    trace[33] RF RECOVERY_SWING lift 2034.0 land 2091.5 (stroke from 1696.5, cap 2091.5, last landing 1910.6) others: LF@2236.5, LH@2149.0, RH@2091.5
    trace[34] RH SWING_DOWN lift 2091.5 land 2149.0 (stroke from 1853.1, cap -, last landing 2091.5) others: LF@2236.5, RF@2417.4, LH@2149.0
    trace[35] LH SWING_DOWN lift 2149.0 land 2206.5 (stroke from 1853.1, cap -, last landing 2149.0) others: LF@2236.5, RF@2417.4, RH@2558.4
    trace[36] LF RECOVERY_SWING lift 2236.5 land 2294.0 (stroke from 1910.6, cap -, last landing 2206.5) others: RF@2417.4, LH@2369.5, RH@2558.4
    trace[37] LH RECOVERY_SWING lift 2369.5 land 2427.0 (stroke from 2206.5, cap -, last landing 2294.0) others: LF@2619.9, RF@2417.4, RH@2558.4
      cut RF: liftoff 2417.4 -> 2312.0 (floor 2294.0, wanted 2312.0), lands by 2369.5
    trace[38] RF RECOVERY_SWING lift 2312.0 land 2369.5 (stroke from 2091.5, cap 2369.5, last landing 2294.0) others: LF@2619.9, LH@2369.5, RH@2558.4
    trace[39] LH RECOVERY_SWING lift 2369.5 land 2427.0 (stroke from 2206.5, cap -, last landing 2369.5) others: LF@2619.9, RF@2695.4, RH@2558.4
    trace[40] RH RECOVERY_SWING lift 2558.4 land 2615.9 (stroke from 2149.0, cap -, last landing 2427.0) others: LF@2619.9, RF@2695.4, LH@2752.9
    trace[41] LF RECOVERY_SWING lift 2619.9 land 2677.5 (stroke from 2294.0, cap -, last landing 2615.9) others: RF@2695.4, LH@2752.9, RH@2941.8
    trace[42] RF RECOVERY_SWING lift 2695.4 land 2752.9 (stroke from 2369.5, cap -, last landing 2677.5) others: LH@2752.9, RH@2941.8
    trace[43] LH RECOVERY_SWING lift 2752.9 land 2810.4 (stroke from 2427.0, cap -, last landing 2752.9) others: RH@2941.8
    trace[44] RH RECOVERY_SWING lift 2941.8 land 2999.3 (stroke from 2615.9, cap -, last landing 2810.4) others: LH@3136.3
    trace[45] LH RECOVERY_SWING lift 3136.3 land 3193.8 (stroke from 2810.4, cap -, last landing 2999.3) others: RH@3325.2
    trace[46] RH RECOVERY_SWING lift 3325.2 land 3382.7 (stroke from 2999.3, cap -, last landing 3193.8) others: 
  pass 1: axle profiles moved by 99.97 mm in z  (front knots [830.0, 837.1, 1035.8, 1037.4, 1039.0, 1040.6, 1042.2, 1043.8, 1045.3, 1046.9, 1048.5, 1050.1, 1051.7, 1053.3, 1054.9, 1056.5, 1058.0, 1059.6, 1061.2, 1062.8, 1064.4, 1066.0, 1067.6, 1069.2, 1070.7, 1072.3, 1073.9, 1075.5, 1077.1, 1078.7, 1080.3, 1081.9, 1083.4, 1085.0, 1086.6, 1088.2, 1089.8, 1091.4, 1093.0, 1094.6, 1096.1, 1097.7, 1099.3, 1100.9, 1102.5, 1104.1, 1105.7, 1107.2, 1108.8, 1110.4, 1112.0, 1113.6, 1115.2, 1116.8, 1118.4, 1119.9, 1121.5, 1123.1, 1124.7, 1126.3, 1127.9, 1129.5, 1131.1, 1132.6, 1134.2, 1135.8, 2100.0, 2200.0] mm, rear [830.0, 837.1, 1035.8, 1037.4, 1039.0, 1040.6, 1042.2, 1043.8, 1045.3, 1046.9, 1048.5, 1050.1, 1051.7, 1053.3, 1054.9, 1056.5, 1058.0, 1059.6, 1061.2, 1062.8, 1064.4, 1066.0, 1067.6, 1069.2, 1070.7, 1072.3, 1073.9, 1075.5, 1077.1, 1078.7, 1080.3, 1081.9, 1083.4, 1085.0, 1086.6, 1088.2, 1089.8, 1091.4, 1093.0, 1094.6, 1096.1, 1097.7, 1099.3, 1100.9, 1102.5, 1104.1, 1105.7, 1107.2, 1108.8, 1110.4, 1112.0, 1113.6, 1115.2, 1116.8, 1118.4, 1119.9, 1121.5, 1123.1, 1124.7, 1126.3, 1127.9, 1129.5, 1131.1, 1132.6, 1134.2, 1135.8, 1736.5, 1836.5, 2100.0, 2200.0] mm)
