/home/chang/.local/lib/python3.10/site-packages/matplotlib/projections/__init__.py:63: UserWarning: Unable to import Axes3D. This may be due to multiple versions of Matplotlib being installed (e.g. as a system package and as a pip package). As a result, the 3D projection is not available.
  warnings.warn("Unable to import Axes3D. This may be due to multiple versions of "
terrain 100 x 875 mm at x = 1.000 m
  axle rise 100.0 mm for a 100 mm block
  origin 151.6 mm
    trace[1] LF RECOVERY_SWING lift 151.6 land 209.1 (stroke from -174.3, cap -, last landing -) others: RF@343.3, LH@439.2, RH@247.5
    trace[2] RH RECOVERY_SWING lift 247.5 land 305.0 (stroke from -78.5, cap -, last landing 209.1) others: LF@535.0, RF@343.3, LH@439.2
    trace[3] RF RECOVERY_SWING lift 343.3 land 400.8 (stroke from 17.4, cap -, last landing 305.0) others: LF@535.0, LH@439.2, RH@630.9
    trace[4] LH RECOVERY_SWING lift 439.2 land 496.7 (stroke from 113.3, cap -, last landing 400.8) others: LF@535.0, RF@669.8, RH@630.9
    trace[5] LF RECOVERY_SWING lift 535.0 land 575.0 (stroke from 209.1, cap -, last landing 496.7) others: RF@669.8, LH@822.6, RH@630.9
    trace[6] RH RECOVERY_SWING lift 630.9 land 669.8 (stroke from 305.0, cap -, last landing 575.0) others: LF@780.8, RF@669.8, LH@822.6
    trace[7] RF SWING_UP lift 669.8 land 727.3 (stroke from 400.8, cap -, last landing 669.8) others: LF@780.8, LH@822.6, RH@995.7
    trace[8] LF TOP_REPOSITION_SWING lift 780.8 land 880.8 (stroke from 575.0, cap -, last landing 727.3) others: RF@1053.2, LH@822.6, RH@995.7
      cut LH: liftoff 822.6 -> 727.3 (floor 727.3, wanted 727.3), lands by 780.8
    trace[9] LH RECOVERY_SWING lift 727.3 land 780.8 (stroke from 496.7, cap 780.8, last landing 727.3) others: LF@780.8, RF@1053.2, RH@995.7
    trace[10] LF TOP_REPOSITION_SWING lift 780.8 land 880.8 (stroke from 575.0, cap -, last landing 780.8) others: RF@1053.2, LH@1085.0, RH@995.7
    trace[11] RH RECOVERY_SWING lift 995.7 land 1085.0 (stroke from 669.8, cap -, last landing 880.8) others: LF@1206.7, RF@1053.2, LH@1085.0
      cut RF: liftoff 1053.2 -> 938.2 (floor 880.8, wanted 938.2), lands by 995.7
    trace[12] RF TOP_REPOSITION_SWING lift 938.2 land 995.7 (stroke from 727.3, cap 995.7, last landing 880.8) others: LF@1206.7, LH@1085.0, RH@995.7
    trace[13] RH RECOVERY_SWING lift 995.7 land 1085.0 (stroke from 669.8, cap -, last landing 995.7) others: LF@1206.7, RF@1321.6, LH@1085.0
    trace[14] LH RECOVERY_SWING lift 1085.0 land 1085.0 (stroke from 780.8, cap -, last landing 1085.0) others: LF@1206.7, RF@1321.6, RH@1290.8
    trace[15] LF TOP_REPOSITION_SWING lift 1206.7 land 1264.2 (stroke from 880.8, cap -, last landing 1085.0) others: RF@1321.6, LH@1290.8, RH@1290.8
    trace[16] RH TOP_REPOSITION_SWING lift 1290.8 land 1390.8 (stroke from 1085.0, cap -, last landing 1264.2) others: LF@1374.5, RF@1321.6, LH@1290.8
      yield RH: liftoff 1290.8 -> 1290.8, lands by 1290.8 for LH's climb
    trace[17] RH TOP_REPOSITION_SWING lift 1290.8 land 1290.8 (stroke from 1085.0, cap 1290.8, last landing 1264.2) others: LF@1374.5, RF@1321.6, LH@1290.8
    trace[18] LH TOP_REPOSITION_SWING lift 1290.8 land 1390.8 (stroke from 1085.0, cap -, last landing 1290.8) others: LF@1374.5, RF@1321.6, RH@1616.7
      cut RF: liftoff 1321.6 -> 1290.8 (floor 1290.8, wanted 1290.8), lands by 1290.8
      cut LF: liftoff 1374.5 -> 1290.8 (floor 1290.8, wanted 1290.8), lands by 1290.8
    trace[19] LF TOP_REPOSITION_SWING lift 1290.8 land 1290.8 (stroke from 1264.2, cap 1290.8, last landing 1290.8) others: RF@1290.8(cap 1290.8), LH@1290.8, RH@1616.7
    trace[20] RF TOP_REPOSITION_SWING lift 1290.8 land 1290.8 (stroke from 995.7, cap 1290.8, last landing 1290.8) others: LF@1614.0, LH@1290.8, RH@1616.7
    trace[21] LH TOP_REPOSITION_SWING lift 1290.8 land 1390.8 (stroke from 1085.0, cap -, last landing 1290.8) others: LF@1614.0, RF@1614.0, RH@1616.7
    trace[22] LF SWING_DOWN lift 1614.0 land 1616.7 (stroke from 1290.8, cap -, last landing 1390.8) others: RF@1614.0, LH@1716.7, RH@1616.7
      yield LF: liftoff 1614.0 -> 1614.0, lands by 1614.0 for RF's climb
    trace[23] LF SWING_DOWN lift 1614.0 land 1614.0 (stroke from 1290.8, cap 1614.0, last landing 1390.8) others: RF@1614.0, LH@1716.7, RH@1616.7
    early recovery: LF ground stroke cut at hip 2143.1 mm (was 2276.7)
    trace[24] RF SWING_DOWN lift 1614.0 land 1616.7 (stroke from 1290.8, cap -, last landing 1614.0) others: LF@1888.1, LH@1716.7, RH@1616.7
    trace[25] RH TOP_REPOSITION_SWING lift 1616.7 land 1674.3 (stroke from 1290.8, cap -, last landing 1616.7) others: LF@1888.1, RF@2026.1, LH@1716.7
    trace[26] LH TOP_REPOSITION_SWING lift 1716.7 land 1774.2 (stroke from 1390.8, cap -, last landing 1674.3) others: LF@1888.1, RF@2026.1, RH@1827.0
    trace[27] RH TOP_REPOSITION_SWING lift 1827.0 land 1884.5 (stroke from 1674.3, cap -, last landing 1774.2) others: LF@1888.1, RF@2026.1, LH@1884.5
    early descent: RH top stroke ends at hip 1811.5 mm, 57.5 mm before the in-place point
    trace[28] LH TOP_REPOSITION_SWING lift 1884.5 land 1884.5 (stroke from 1774.2, cap -, last landing 1884.5) others: LF@1888.1, RF@2026.1, RH@2066.5
    trace[29] LF RECOVERY_SWING lift 1888.1 land 1945.6 (stroke from 1614.0, cap -, last landing 1884.5) others: RF@2026.1, LH@2121.8, RH@2066.5
    trace[30] RF RECOVERY_SWING lift 2026.1 land 2083.6 (stroke from 1616.7, cap -, last landing 1945.6) others: LF@2271.5, LH@2121.8, RH@2066.5
      cut RH: liftoff 2066.5 -> 1968.6 (floor 1945.6, wanted 1968.6), lands by 2026.1
    trace[31] RH TOP_REPOSITION_SWING lift 1968.6 land 2026.1 (stroke from 1884.5, cap 2026.1, last landing 1945.6) others: LF@2271.5, RF@2026.1, LH@2121.8
    trace[32] RF RECOVERY_SWING lift 2026.1 land 2083.6 (stroke from 1616.7, cap -, last landing 2026.1) others: LF@2271.5, LH@2121.8, RH@2040.1
      yield RF: liftoff 2026.1 -> 2026.1, lands by 2026.1 for RH's climb
    trace[33] RF RECOVERY_SWING lift 2026.1 land 2026.1 (stroke from 1616.7, cap 2026.1, last landing 2026.1) others: LF@2271.5, LH@2121.8, RH@2040.1
    descent cap: RH no landing under the cap; closest 0/20 of the arc, contact 143.4 mm past the face
    trace[34] RH SWING_DOWN lift 2040.1 land 2128.3 (stroke from 2026.1, cap -, last landing 2026.1) others: LF@2271.5, RF@2352.0, LH@2121.8
      yield RH: liftoff 2040.1 -> 2040.1, lands by 2121.8 for LH's climb
  pass 1 refused; the legs' attempts so far:
    LF: on GROUND_AFTER; RECOVERY@464+; ROLL_START@830+; TOP@1136+; TOP@1519+; TOP@1546+; DOWN@1872+; DOWN@1869+; RECOVERY@2201+
    RF: on GROUND_AFTER; RECOVERY@656+; UP@982+; TOP@1251+; TOP@1546+; DOWN@1872+; RECOVERY@2339+; RECOVERY@2281+
    LH: on TOP; RECOVERY@242+; RECOVERY@526+; ROLL_START@830+; TOP@1136+; TOP@1519+; TOP@1629+
    RH: on TOP; RECOVERY@50+; RECOVERY@415+; ROLL_START@830+; TOP@1136+; TOP@1036+; TOP@1419+; TOP@1629+; TOP@1771+; DOWN@1843-(EXTEND_PENETRATES_TERRAIN_BEFORE_TOUCHDO); DOWN@1843-(EXTEND_PENETRATES_TERRAIN_BEFORE_TOUCHDO); DOWN@1833-(EXTEND_PENETRATES_TERRAIN_BEFORE_TOUCHDO); DOWN@1853-(EXTEND_PENETRATES_TERRAIN_BEFORE_TOUCHDO); DOWN@1823-(EXTEND_PENETRATES_TERRAIN_BEFORE_TOUCHDO); DOWN@1863-(EXTEND_PENETRATES_TERRAIN_BEFORE_TOUCHDO); DOWN@1873+; DOWN@1843-(EXTEND_PENETRATES_TERRAIN_BEFORE_TOUCHDO); DOWN@1843-(EXTEND_PENETRATES_TERRAIN_BEFORE_TOUCHDO); DOWN@1833-(EXTEND_PENETRATES_TERRAIN_BEFORE_TOUCHDO); DOWN@1853-(EXTEND_PENETRATES_TERRAIN_BEFORE_TOUCHDO); DOWN@1823-(EXTEND_PENETRATES_TERRAIN_BEFORE_TOUCHDO); DOWN@1863-(EXTEND_PENETRATES_TERRAIN_BEFORE_TOUCHDO)
    axle front: 780.0->219.4, 960.0->319.4, 1905.0->319.4, 2075.0->219.4
    axle rear: 780.0->219.4, 960.0->319.4, 1905.0->319.4, 2075.0->219.4
  origin 151.6 mm refused: RH: no DOWN landing within 300 mm of hip x 1823.3 mm (capped at 1866.8 mm); last refusal: EXTEND_PENETRATES_TERRAIN_BEFORE_TOUCHDOWN
[2206.8s] REFUSED: no origin among [151.6] mm plans the crossing; last: RH: no DOWN landing within 300 mm of hip x 1823.3 mm (capped at 1866.8 mm); last refusal: EXTEND_PENETRATES_TERRAIN_BEFORE_TOUCHDOWN
