/home/chang/.local/lib/python3.10/site-packages/matplotlib/projections/__init__.py:63: UserWarning: Unable to import Axes3D. This may be due to multiple versions of Matplotlib being installed (e.g. as a system package and as a pip package). As a result, the 3D projection is not available.
  warnings.warn("Unable to import Axes3D. This may be due to multiple versions of "
terrain 100 x 875 mm at x = 1.000 m
  axle rise 100.0 mm for a 100 mm block
  origin 151.6 mm
    trace[1] LF RECOVERY_SWING lift 151.6 land 209.1 (stroke from -174.3, cap -, last landing -) others: RF@343.3, LH@439.2, RH@247.5
    trace[2] RH RECOVERY_SWING lift 247.5 land 305.0 (stroke from -78.5, cap -, last landing 209.1) others: LF@535.0, RF@343.3, LH@439.2
    trace[3] RF RECOVERY_SWING lift 343.3 land 400.8 (stroke from 17.4, cap -, last landing 305.0) others: LF@535.0, LH@439.2, RH@630.9
    trace[4] LH RECOVERY_SWING lift 439.2 land 496.7 (stroke from 113.3, cap -, last landing 400.8) others: LF@535.0, RF@575.0, RH@630.9
    trace[5] LF RECOVERY_SWING lift 535.0 land 575.0 (stroke from 209.1, cap -, last landing 496.7) others: RF@575.0, LH@822.6, RH@630.9
    trace[6] RF RECOVERY_SWING lift 575.0 land 575.0 (stroke from 400.8, cap -, last landing 575.0) others: LF@780.8, LH@822.6, RH@630.9
    trace[7] RH RECOVERY_SWING lift 630.9 land 688.4 (stroke from 305.0, cap -, last landing 575.0) others: LF@780.8, RF@780.8, LH@822.6
    trace[8] LF TOP_REPOSITION_SWING lift 780.8 land 880.8 (stroke from 575.0, cap -, last landing 688.4) others: RF@780.8, LH@822.6, RH@1014.3
      yield LF: liftoff 780.8 -> 780.8, lands by 780.8 for RF's climb
    trace[9] LF TOP_REPOSITION_SWING lift 780.8 land 780.8 (stroke from 575.0, cap 780.8, last landing 688.4) others: RF@780.8, LH@822.6, RH@1014.3
    trace[10] RF TOP_REPOSITION_SWING lift 780.8 land 880.8 (stroke from 575.0, cap -, last landing 780.8) others: LF@1106.7, LH@822.6, RH@1014.3
      cut LH: liftoff 822.6 -> 780.8 (floor 780.8, wanted 780.8), lands by 780.8
    trace[11] LH RECOVERY_SWING lift 780.8 land 780.8 (stroke from 496.7, cap 780.8, last landing 780.8) others: LF@1106.7, RF@780.8, RH@1014.3
    trace[12] RF TOP_REPOSITION_SWING lift 780.8 land 880.8 (stroke from 575.0, cap -, last landing 780.8) others: LF@1106.7, LH@1085.0, RH@1014.3
    trace[13] RH SWING_UP lift 1014.3 land 1213.3 (stroke from 688.4, cap -, last landing 880.8) others: LF@1106.7, RF@1206.7, LH@1085.0
      cut LH: liftoff 1085.0 -> 1014.3 (floor 880.8, wanted 1014.3), lands by 1014.3
      cut LF: liftoff 1106.7 -> 1014.3 (floor 880.8, wanted 1014.3), lands by 1014.3
      cut RF: liftoff 1206.7 -> 1014.3 (floor 880.8, wanted 1014.3), lands by 1014.3
    trace[14] LF TOP_REPOSITION_SWING lift 1014.3 land 1014.3 (stroke from 780.8, cap 1014.3, last landing 880.8) others: RF@1014.3(cap 1014.3), LH@1014.3(cap 1014.3), RH@1014.3
    trace[15] RF TOP_REPOSITION_SWING lift 1014.3 land 1014.3 (stroke from 880.8, cap 1014.3, last landing 1014.3) others: LF@1340.2, LH@1014.3(cap 1014.3), RH@1014.3
  pass 1 refused; the legs' attempts so far:
    LF: on TOP; RECOVERY@464+; ROLL_START@830+; TOP@1136+; TOP@1036+; TOP@1269+
    RF: on TOP; RECOVERY@656+; ROLL_START@830+; TOP@1136+; TOP@1269+
    LH: on GROUND_BEFORE; RECOVERY@242+; RECOVERY@526+
    RH: on GROUND_BEFORE; RECOVERY@50+; RECOVERY@433+; RECOVERY@817-(EXTEND_PENETRATES_TERRAIN_BEFORE_TOUCHDO); RECOVERY@819-(EXTEND_PENETRATES_TERRAIN_BEFORE_TOUCHDO); RECOVERY@809-(EXTEND_PENETRATES_TERRAIN_BEFORE_TOUCHDO); RECOVERY@829-(EXTEND_PENETRATES_TERRAIN_BEFORE_TOUCHDO); RECOVERY@799-(EXTEND_PENETRATES_TERRAIN_BEFORE_TOUCHDO); RECOVERY@839-(EXTEND_PENETRATES_TERRAIN_BEFORE_TOUCHDO); RECOVERY@817-(RECOVERY_LEAVES_NO_STROKE); UP@948-(LANDED_ON_AN_EDGE:contact x=1004.563 mm ); UP@958+
    axle front: 780.0->219.4, 960.0->319.4, 1905.0->319.4, 2075.0->219.4
    axle rear: 780.0->219.4, 960.0->319.4, 1905.0->319.4, 2075.0->219.4
  origin 151.6 mm refused: LH rolls, but its landing in the approach window would be capped at hip x 759.3 mm, behind it.
[ 808.2s] REFUSED: no origin among [151.6] mm plans the crossing; last: LH rolls, but its landing in the approach window would be capped at hip x 759.3 mm, behind it.
