/home/chang/.local/lib/python3.10/site-packages/matplotlib/projections/__init__.py:63: UserWarning: Unable to import Axes3D. This may be due to multiple versions of Matplotlib being installed (e.g. as a system package and as a pip package). As a result, the 3D projection is not available.
  warnings.warn("Unable to import Axes3D. This may be due to multiple versions of "
terrain 100 x 875 mm at x = 1.000 m
  axle rise 100.0 mm for a 100 mm block
  origin 151.6 mm
    trace[1] LF RECOVERY_SWING lift 151.6 land 209.1 (stroke from -174.3, cap -, last landing -) others: RF@343.3, LH@439.2, RH@247.5
    trace[2] RH RECOVERY_SWING lift 247.5 land 305.0 (stroke from -78.5, cap -, last landing 209.1) others: LF@540.4, RF@343.3, LH@439.2
    trace[3] RF RECOVERY_SWING lift 343.3 land 400.8 (stroke from 17.4, cap -, last landing 305.0) others: LF@540.4, LH@439.2, RH@630.9
    trace[4] LH RECOVERY_SWING lift 439.2 land 496.7 (stroke from 113.3, cap -, last landing 400.8) others: LF@540.4, RF@669.8, RH@630.9
    trace[5] LF SWING_UP lift 540.4 land 703.3 (stroke from 209.1, cap -, last landing 496.7) others: RF@669.8, LH@822.6, RH@630.9
      cut RH: liftoff 630.9 -> 540.4 (floor 496.7, wanted 540.4), lands by 540.4
      cut RF: liftoff 669.8 -> 528.6 (floor 496.7, wanted 528.6), lands by 528.6
    trace[6] RF RECOVERY_SWING lift 528.6 land 528.6 (stroke from 400.8, cap 528.6, last landing 496.7) others: LF@540.4, LH@822.6, RH@540.4(cap 540.4)
    trace[7] RH RECOVERY_SWING lift 540.4 land 540.4 (stroke from 305.0, cap 540.4, last landing 528.6) others: LF@540.4, RF@543.6, LH@822.6
    trace[8] LF SWING_UP lift 540.4 land 703.3 (stroke from 209.1, cap -, last landing 540.4) others: RF@543.6, LH@822.6, RH@866.3
  pass 1 refused; the legs' attempts so far:
    LF: on GROUND_BEFORE; RECOVERY@464+; RECOVERY@853-(EXTEND_PENETRATES_TERRAIN_BEFORE_TOUCHDO); RECOVERY@855-(EXTEND_PENETRATES_TERRAIN_BEFORE_TOUCHDO); RECOVERY@845-(EXTEND_PENETRATES_TERRAIN_BEFORE_TOUCHDO); RECOVERY@865-(EXTEND_PENETRATES_TERRAIN_BEFORE_TOUCHDO); RECOVERY@835-(EXTEND_PENETRATES_TERRAIN_BEFORE_TOUCHDO); RECOVERY@875-(EXTEND_PENETRATES_TERRAIN_BEFORE_TOUCHDO); RECOVERY@825-(EXTEND_PENETRATES_TERRAIN_BEFORE_TOUCHDO); RECOVERY@885-(EXTEND_PENETRATES_TERRAIN_BEFORE_TOUCHDO); RECOVERY@815-(EXTEND_PENETRATES_TERRAIN_BEFORE_TOUCHDO); RECOVERY@895-(EXTEND_PENETRATES_TERRAIN_BEFORE_TOUCHDO); RECOVERY@805-(EXTEND_PENETRATES_TERRAIN_BEFORE_TOUCHDO); RECOVERY@905-(EXTEND_PENETRATES_TERRAIN_BEFORE_TOUCHDO); RECOVERY@795-(TOUCHDOWN_IS_NOT_A_VALID_GROUND_CONTACT); RECOVERY@915-(EXTEND_PENETRATES_TERRAIN_BEFORE_TOUCHDO); RECOVERY@925-(EXTEND_PENETRATES_TERRAIN_BEFORE_TOUCHDO); RECOVERY@935-(EXTEND_PENETRATES_TERRAIN_BEFORE_TOUCHDO); RECOVERY@945-(EXTEND_PENETRATES_TERRAIN_BEFORE_TOUCHDO); RECOVERY@955-(EXTEND_PENETRATES_TERRAIN_BEFORE_TOUCHDO); RECOVERY@965-(EXTEND_PENETRATES_TERRAIN_BEFORE_TOUCHDO); RECOVERY@975-(EXTEND_PENETRATES_TERRAIN_BEFORE_TOUCHDO); RECOVERY@985-(EXTEND_PENETRATES_TERRAIN_BEFORE_TOUCHDO); RECOVERY@995-(EXTEND_PENETRATES_TERRAIN_BEFORE_TOUCHDO); RECOVERY@1005-(EXTEND_PENETRATES_TERRAIN_BEFORE_TOUCHDO); RECOVERY@1015-(EXTEND_PENETRATES_TERRAIN_BEFORE_TOUCHDO); RECOVERY@1025-(EXTEND_PENETRATES_TERRAIN_BEFORE_TOUCHDO); RECOVERY@1035-(EXTEND_PENETRATES_TERRAIN_BEFORE_TOUCHDO); RECOVERY@1045-(EXTEND_PENETRATES_TERRAIN_BEFORE_TOUCHDO); RECOVERY@1055-(EXTEND_PENETRATES_TERRAIN_BEFORE_TOUCHDO); RECOVERY@1065-(EXTEND_PENETRATES_TERRAIN_BEFORE_TOUCHDO); RECOVERY@1075-(EXTEND_PENETRATES_TERRAIN_BEFORE_TOUCHDO); RECOVERY@1085-(EXTEND_PENETRATES_TERRAIN_BEFORE_TOUCHDO); RECOVERY@1095-(EXTEND_PENETRATES_TERRAIN_BEFORE_TOUCHDO); RECOVERY@853-(EXTEND_PENETRATES_TERRAIN_BEFORE_TOUCHDO); UP@948-(LANDED_ON_AN_EDGE:contact x=1004.563 mm ); UP@958+
    RF: on GROUND_BEFORE; RECOVERY@656+; RECOVERY@784+
    LH: on GROUND_BEFORE; RECOVERY@242+
    RH: on GROUND_BEFORE; RECOVERY@50+; RECOVERY@285+
    axle front: 780.0->219.4, 960.0->319.4, 1905.0->319.4, 2075.0->219.4
    axle rear: 780.0->219.4, 960.0->319.4, 1905.0->319.4, 2075.0->219.4
  origin 151.6 mm refused: RF cannot stay in stance through LF's SWING_UP [540.434, 703.271] mm: after swinging in place at 540.434 mm its next stroke ends at 543.630 mm, still inside.
[ 747.1s] REFUSED: no origin among [151.6] mm plans the crossing; last: RF cannot stay in stance through LF's SWING_UP [540.434, 703.271] mm: after swinging in place at 540.434 mm its next stroke ends at 543.630 mm, still inside.
